// Jest Snapshot v1, https://goo.gl/fbAQLP

exports[`#4 checkbook balance should read checkbook and display balance 1`] = `
"Original_Balance: 1000.00
125 Market 125.45 Balance 874.55
126 Hardware 34.95 Balance 839.60
127 Video 7.45 Balance 832.15
128 Book 14.32 Balance 817.83
129 Gasoline 16.10 Balance 801.73
Total expense 198.27
Average expense 39.65"
`;

exports[`#4 checkbook balance should read checkbook and display balance with extra characters 1`] = `
"Original_Balance: 1233.00
125 Hardware 24.80 Balance 1208.20
123 Flowers 93.50 Balance 1114.70
127 Meat 120.90 Balance 993.80
120 Picture 34.00 Balance 959.80
124 Gasoline 11.00 Balance 948.80
123 Photos 71.40 Balance 877.40
122 Picture 93.50 Balance 783.90
132 Tires 19.00 Balance 764.90
129 Stamps 13.60 Balance 751.30
129 Fruits 17.60 Balance 733.70
129 Market 128.00 Balance 605.70
121 Gasoline 13.60 Balance 592.10
Total expense 640.90
Average expense 53.41"
`;
